[2026-08-11T02:32:57.601Z] MemoryForge: attached 5 listener(s)
[2026-08-11T02:32:57.602Z] InitialReadForge: armed one-shot BeforeSend after NewSessionStart
[2026-08-11T02:32:57.602Z] LiveUpdateForge: session reset, allowLiveUpdate = false
[2026-08-11T02:32:58.224Z] LiveUpdateForge: session reset, allowLiveUpdate = false
[2026-08-11T02:32:58.232Z] ResumeDiffForge: running checkResumeConsistency
[2026-08-11T02:32:58.232Z] checkResumeConsistency: forgedTimestamps=[["global","1970-01-01T00:00:00.000Z"]]
[2026-08-11T02:32:58.239Z] checkResumeConsistency: injecting 1 diff notification(s)
[2026-08-11T02:32:58.239Z] injectForgedHistory: role=user preview="[agent-auto] [memory-update 2026-08-06 16:54:29] global memory file has been mod"
[2026-08-11T02:32:58.370Z] injectForgedHistory: recordMessage persisted
[2026-08-11T02:32:58.371Z] LiveUpdateForge: session reset, allowLiveUpdate = false
[2026-08-11T02:32:58.371Z] NudgeForge: ResumeComplete — restoring count from history
[2026-08-11T02:32:58.371Z] restoreNudgeCountFromHistory: found last write at idx=142 count=0
[2026-08-11T02:33:15.117Z] MemoryForge: attached 5 listener(s)
[2026-08-11T02:33:15.117Z] InitialReadForge: armed one-shot BeforeSend after NewSessionStart
[2026-08-11T02:33:15.117Z] LiveUpdateForge: session reset, allowLiveUpdate = false
[2026-08-11T02:33:15.201Z] LiveUpdateForge: session reset, allowLiveUpdate = false
[2026-08-11T02:33:15.208Z] ResumeDiffForge: running checkResumeConsistency
[2026-08-11T02:33:15.209Z] checkResumeConsistency: forgedTimestamps=[["global","1970-01-01T00:00:00.000Z"]]
[2026-08-11T02:33:15.218Z] checkResumeConsistency: injecting 1 diff notification(s)
[2026-08-11T02:33:15.219Z] injectForgedHistory: role=user preview="[agent-auto] [memory-update 2026-08-06 16:54:29] global memory file has been mod"
[2026-08-11T02:33:15.219Z] injectForgedHistory: recordMessage persisted
[2026-08-11T02:33:15.219Z] LiveUpdateForge: session reset, allowLiveUpdate = false
[2026-08-11T02:33:15.219Z] NudgeForge: ResumeComplete — restoring count from history
[2026-08-11T02:33:15.220Z] restoreNudgeCountFromHistory: found last write at idx=142 count=0
[2026-08-11T02:33:15.310Z] ResumeDiffForge: running checkResumeConsistency
[2026-08-11T02:33:15.311Z] checkResumeConsistency: forgedTimestamps=[["global","1970-01-01T00:00:00.000Z"]]
[2026-08-11T02:33:15.316Z] checkResumeConsistency: injecting 1 diff notification(s)
[2026-08-11T02:33:15.316Z] injectForgedHistory: role=user preview="[agent-auto] [memory-update 2026-08-06 16:54:29] global memory file has been mod"
[2026-08-11T02:33:15.333Z] injectForgedHistory: recordMessage persisted
[2026-08-11T02:33:15.333Z] LiveUpdateForge: session reset, allowLiveUpdate = false
[2026-08-11T02:33:15.333Z] NudgeForge: ResumeComplete — restoring count from history
[2026-08-11T02:33:15.334Z] restoreNudgeCountFromHistory: found last write at idx=142 count=0
[2026-08-11T02:33:15.371Z] ResumeDiffForge: running checkResumeConsistency
[2026-08-11T02:33:15.372Z] checkResumeConsistency: forgedTimestamps=[["global","1970-01-01T00:00:00.000Z"]]
[2026-08-11T02:33:15.376Z] checkResumeConsistency: injecting 1 diff notification(s)
[2026-08-11T02:33:15.376Z] injectForgedHistory: role=user preview="[agent-auto] [memory-update 2026-08-06 16:54:29] global memory file has been mod"
[2026-08-11T02:33:15.390Z] injectForgedHistory: recordMessage persisted
[2026-08-11T02:33:15.390Z] LiveUpdateForge: session reset, allowLiveUpdate = false
[2026-08-11T02:33:15.390Z] NudgeForge: ResumeComplete — restoring count from history
[2026-08-11T02:33:15.390Z] restoreNudgeCountFromHistory: found last write at idx=142 count=0
[2026-08-11T02:33:15.612Z] MemoryForge: attached 5 listener(s)
[2026-08-11T02:33:15.612Z] InitialReadForge: armed one-shot BeforeSend after NewSessionStart
[2026-08-11T02:33:15.612Z] LiveUpdateForge: session reset, allowLiveUpdate = false
[2026-08-11T02:33:15.615Z] MemoryForge: detached all listeners
[2026-08-11T02:33:15.615Z] ResumeDiffForge: running checkResumeConsistency
[2026-08-11T02:33:15.615Z] checkResumeConsistency: forgedTimestamps=[["global","1970-01-01T00:00:00.000Z"]]
[2026-08-11T02:33:15.640Z] checkResumeConsistency: injecting 1 diff notification(s)
[2026-08-11T02:33:15.641Z] injectForgedHistory: role=user preview="[agent-auto] [memory-update 2026-08-06 16:54:29] global memory file has been mod"
[2026-08-11T02:33:15.658Z] injectForgedHistory: recordMessage persisted
[2026-08-11T02:33:15.658Z] LiveUpdateForge: session reset, allowLiveUpdate = false
[2026-08-11T02:33:15.658Z] NudgeForge: ResumeComplete — restoring count from history
[2026-08-11T02:33:15.658Z] restoreNudgeCountFromHistory: found last write at idx=142 count=0
[2026-08-11T02:33:15.715Z] LiveUpdateForge: allowLiveUpdate = true (first real BeforeSend)
[2026-08-11T02:33:15.716Z] InitialReadForge.onBeforeSend: SKIP (fr=false syn=false hasRead=true)
[2026-08-11T02:33:24.458Z] LiveUpdateForge: EndTurn fallback flush
[2026-08-11T02:33:24.459Z] onEndTurn: naturalStop=undefined toolCalls=0 nudgeMsg=no
[2026-08-11T02:33:24.459Z] LiveUpdateForge: EndTurn fallback flush
[2026-08-11T02:33:24.459Z] onEndTurn: naturalStop=false toolCalls=0 nudgeMsg=no
[2026-08-11T02:33:27.617Z] LiveUpdateForge: AfterToolExec flush
[2026-08-11T02:33:27.641Z] InitialReadForge.onBeforeSend: SKIP (fr=true syn=false hasRead=true)
[2026-08-11T02:33:32.144Z] LiveUpdateForge: EndTurn fallback flush
[2026-08-11T02:33:32.144Z] onEndTurn: naturalStop=undefined toolCalls=1 nudgeMsg=no
[2026-08-11T02:33:32.144Z] LiveUpdateForge: EndTurn fallback flush
[2026-08-11T02:33:32.144Z] onEndTurn: naturalStop=false toolCalls=1 nudgeMsg=no
[2026-08-11T02:33:33.892Z] LiveUpdateForge: AfterToolExec flush
[2026-08-11T02:33:33.916Z] InitialReadForge.onBeforeSend: SKIP (fr=true syn=false hasRead=true)
[2026-08-11T02:33:38.271Z] LiveUpdateForge: EndTurn fallback flush
[2026-08-11T02:33:38.271Z] onEndTurn: naturalStop=undefined toolCalls=2 nudgeMsg=no
[2026-08-11T02:33:38.272Z] LiveUpdateForge: EndTurn fallback flush
[2026-08-11T02:33:38.272Z] onEndTurn: naturalStop=false toolCalls=2 nudgeMsg=no
[2026-08-11T02:33:40.932Z] LiveUpdateForge: AfterToolExec flush
[2026-08-11T02:33:40.950Z] InitialReadForge.onBeforeSend: SKIP (fr=true syn=false hasRead=true)
[2026-08-11T02:33:45.951Z] LiveUpdateForge: EndTurn fallback flush
[2026-08-11T02:33:45.951Z] onEndTurn: naturalStop=undefined toolCalls=3 nudgeMsg=no
[2026-08-11T02:33:45.952Z] LiveUpdateForge: EndTurn fallback flush
[2026-08-11T02:33:45.952Z] onEndTurn: naturalStop=false toolCalls=3 nudgeMsg=no
[2026-08-11T02:33:48.702Z] LiveUpdateForge: AfterToolExec flush
[2026-08-11T02:33:48.722Z] InitialReadForge.onBeforeSend: SKIP (fr=true syn=false hasRead=true)
[2026-08-11T02:33:51.888Z] LiveUpdateForge: EndTurn fallback flush
[2026-08-11T02:33:51.888Z] onEndTurn: naturalStop=undefined toolCalls=4 nudgeMsg=no
[2026-08-11T02:33:51.888Z] LiveUpdateForge: EndTurn fallback flush
[2026-08-11T02:33:51.888Z] onEndTurn: naturalStop=false toolCalls=4 nudgeMsg=no
[2026-08-11T02:33:54.308Z] LiveUpdateForge: AfterToolExec flush
[2026-08-11T02:33:54.327Z] InitialReadForge.onBeforeSend: SKIP (fr=true syn=false hasRead=true)
[2026-08-11T02:34:00.402Z] LiveUpdateForge: EndTurn fallback flush
[2026-08-11T02:34:00.402Z] onEndTurn: naturalStop=undefined toolCalls=5 nudgeMsg=no
[2026-08-11T02:34:00.402Z] LiveUpdateForge: EndTurn fallback flush
[2026-08-11T02:34:00.402Z] onEndTurn: naturalStop=false toolCalls=5 nudgeMsg=no
[2026-08-11T02:34:02.334Z] LiveUpdateForge: AfterToolExec flush
[2026-08-11T02:34:02.356Z] InitialReadForge.onBeforeSend: SKIP (fr=true syn=false hasRead=true)
[2026-08-11T02:34:11.970Z] LiveUpdateForge: EndTurn fallback flush
[2026-08-11T02:34:11.970Z] onEndTurn: naturalStop=undefined toolCalls=6 nudgeMsg=no
[2026-08-11T02:34:11.970Z] LiveUpdateForge: EndTurn fallback flush
[2026-08-11T02:34:11.970Z] onEndTurn: naturalStop=false toolCalls=6 nudgeMsg=no
[2026-08-11T02:34:14.271Z] LiveUpdateForge: AfterToolExec flush
[2026-08-11T02:34:14.291Z] InitialReadForge.onBeforeSend: SKIP (fr=true syn=false hasRead=true)
[2026-08-11T02:34:33.568Z] LiveUpdateForge: EndTurn fallback flush
[2026-08-11T02:34:33.568Z] onEndTurn: naturalStop=undefined toolCalls=7 nudgeMsg=no
[2026-08-11T02:34:33.569Z] LiveUpdateForge: EndTurn fallback flush
[2026-08-11T02:34:33.569Z] onEndTurn: naturalStop=false toolCalls=7 nudgeMsg=no
[2026-08-11T02:34:35.944Z] LiveUpdateForge: AfterToolExec flush
[2026-08-11T02:34:35.966Z] InitialReadForge.onBeforeSend: SKIP (fr=true syn=false hasRead=true)
[2026-08-11T02:34:53.166Z] LiveUpdateForge: EndTurn fallback flush
[2026-08-11T02:34:53.166Z] onEndTurn: naturalStop=undefined toolCalls=8 nudgeMsg=no
[2026-08-11T02:34:53.167Z] LiveUpdateForge: EndTurn fallback flush
[2026-08-11T02:34:53.167Z] onEndTurn: naturalStop=false toolCalls=8 nudgeMsg=no
[2026-08-11T02:34:54.223Z] LiveUpdateForge: AfterToolExec flush
[2026-08-11T02:34:54.245Z] InitialReadForge.onBeforeSend: SKIP (fr=true syn=false hasRead=true)
[2026-08-11T02:34:58.008Z] LiveUpdateForge: EndTurn fallback flush
[2026-08-11T02:34:58.008Z] onEndTurn: naturalStop=undefined toolCalls=9 nudgeMsg=no
[2026-08-11T02:34:58.008Z] LiveUpdateForge: EndTurn fallback flush
[2026-08-11T02:34:58.008Z] onEndTurn: naturalStop=false toolCalls=9 nudgeMsg=no
[2026-08-11T02:35:02.060Z] LiveUpdateForge: AfterToolExec flush
[2026-08-11T02:35:02.100Z] InitialReadForge.onBeforeSend: SKIP (fr=true syn=false hasRead=true)
[2026-08-11T02:35:06.843Z] LiveUpdateForge: EndTurn fallback flush
[2026-08-11T02:35:06.844Z] onEndTurn: naturalStop=undefined toolCalls=10 nudgeMsg=no
[2026-08-11T02:35:06.844Z] LiveUpdateForge: EndTurn fallback flush
[2026-08-11T02:35:06.844Z] onEndTurn: naturalStop=false toolCalls=10 nudgeMsg=no
[2026-08-11T02:35:08.904Z] LiveUpdateForge: AfterToolExec flush
[2026-08-11T02:35:08.929Z] InitialReadForge.onBeforeSend: SKIP (fr=true syn=false hasRead=true)
[2026-08-11T02:35:18.071Z] LiveUpdateForge: EndTurn fallback flush
[2026-08-11T02:35:18.071Z] onEndTurn: naturalStop=undefined toolCalls=11 nudgeMsg=no
[2026-08-11T02:35:18.072Z] LiveUpdateForge: EndTurn fallback flush
[2026-08-11T02:35:18.072Z] onEndTurn: naturalStop=false toolCalls=11 nudgeMsg=no
[2026-08-11T02:35:18.106Z] LiveUpdateForge: AfterToolExec flush
[2026-08-11T02:35:18.127Z] InitialReadForge.onBeforeSend: SKIP (fr=true syn=false hasRead=true)
[2026-08-11T02:35:22.455Z] LiveUpdateForge: EndTurn fallback flush
[2026-08-11T02:35:22.455Z] onEndTurn: naturalStop=undefined toolCalls=12 nudgeMsg=no
[2026-08-11T02:35:22.455Z] LiveUpdateForge: EndTurn fallback flush
[2026-08-11T02:35:22.455Z] onEndTurn: naturalStop=false toolCalls=12 nudgeMsg=no
[2026-08-11T02:35:25.208Z] LiveUpdateForge: AfterToolExec flush
[2026-08-11T02:35:25.232Z] InitialReadForge.onBeforeSend: SKIP (fr=true syn=false hasRead=true)
[2026-08-11T02:35:34.743Z] LiveUpdateForge: EndTurn fallback flush
[2026-08-11T02:35:34.743Z] onEndTurn: naturalStop=undefined toolCalls=13 nudgeMsg=no
[2026-08-11T02:35:34.743Z] LiveUpdateForge: EndTurn fallback flush
[2026-08-11T02:35:34.743Z] onEndTurn: naturalStop=false toolCalls=13 nudgeMsg=no
[2026-08-11T02:35:36.881Z] LiveUpdateForge: AfterToolExec flush
[2026-08-11T02:35:36.905Z] InitialReadForge.onBeforeSend: SKIP (fr=true syn=false hasRead=true)
[2026-08-11T02:35:43.449Z] LiveUpdateForge: EndTurn fallback flush
[2026-08-11T02:35:43.449Z] onEndTurn: naturalStop=undefined toolCalls=14 nudgeMsg=no
[2026-08-11T02:35:43.449Z] LiveUpdateForge: EndTurn fallback flush
[2026-08-11T02:35:43.449Z] onEndTurn: naturalStop=false toolCalls=14 nudgeMsg=no
[2026-08-11T02:35:43.510Z] LiveUpdateForge: AfterToolExec flush
[2026-08-11T02:35:43.533Z] InitialReadForge.onBeforeSend: SKIP (fr=true syn=false hasRead=true)
[2026-08-11T02:35:48.369Z] LiveUpdateForge: EndTurn fallback flush
[2026-08-11T02:35:48.369Z] onEndTurn: naturalStop=undefined toolCalls=15 nudgeMsg=no
[2026-08-11T02:35:48.369Z] LiveUpdateForge: EndTurn fallback flush
[2026-08-11T02:35:48.370Z] onEndTurn: naturalStop=false toolCalls=15 nudgeMsg=no
[2026-08-11T02:35:50.452Z] LiveUpdateForge: AfterToolExec flush
[2026-08-11T02:35:50.477Z] InitialReadForge.onBeforeSend: SKIP (fr=true syn=false hasRead=true)
[2026-08-11T02:35:56.571Z] LiveUpdateForge: EndTurn fallback flush
[2026-08-11T02:35:56.571Z] onEndTurn: naturalStop=undefined toolCalls=16 nudgeMsg=no
[2026-08-11T02:35:56.571Z] LiveUpdateForge: EndTurn fallback flush
[2026-08-11T02:35:56.571Z] onEndTurn: naturalStop=false toolCalls=16 nudgeMsg=no
[2026-08-11T02:35:58.911Z] LiveUpdateForge: AfterToolExec flush
[2026-08-11T02:35:58.941Z] InitialReadForge.onBeforeSend: SKIP (fr=true syn=false hasRead=true)
[2026-08-11T02:36:05.492Z] LiveUpdateForge: EndTurn fallback flush
[2026-08-11T02:36:05.492Z] onEndTurn: naturalStop=undefined toolCalls=17 nudgeMsg=no
[2026-08-11T02:36:05.492Z] LiveUpdateForge: EndTurn fallback flush
[2026-08-11T02:36:05.492Z] onEndTurn: naturalStop=false toolCalls=17 nudgeMsg=no
[2026-08-11T02:36:14.023Z] LiveUpdateForge: AfterToolExec flush
[2026-08-11T02:36:14.047Z] InitialReadForge.onBeforeSend: SKIP (fr=true syn=false hasRead=true)
[2026-08-11T02:36:27.720Z] LiveUpdateForge: EndTurn fallback flush
[2026-08-11T02:36:27.721Z] onEndTurn: naturalStop=undefined toolCalls=18 nudgeMsg=no
[2026-08-11T02:36:27.721Z] LiveUpdateForge: EndTurn fallback flush
[2026-08-11T02:36:27.721Z] onEndTurn: naturalStop=true toolCalls=18 nudgeMsg=no
[2026-08-11T02:53:18.190Z] MemoryForge: attached 5 listener(s)
[2026-08-11T02:53:18.190Z] InitialReadForge: armed one-shot BeforeSend after NewSessionStart
[2026-08-11T02:53:18.191Z] LiveUpdateForge: session reset, allowLiveUpdate = false
[2026-08-11T02:53:19.629Z] MemoryForge: attached 5 listener(s)
[2026-08-11T02:53:19.629Z] InitialReadForge: armed one-shot BeforeSend after NewSessionStart
[2026-08-11T02:53:19.629Z] LiveUpdateForge: session reset, allowLiveUpdate = false
[2026-08-11T02:53:45.821Z] MemoryForge: attached 5 listener(s)
[2026-08-11T02:53:45.821Z] InitialReadForge: armed one-shot BeforeSend after NewSessionStart
[2026-08-11T02:53:45.822Z] LiveUpdateForge: session reset, allowLiveUpdate = false
[2026-08-11T02:53:54.849Z] MemoryForge: attached 5 listener(s)
[2026-08-11T02:53:54.849Z] InitialReadForge: armed one-shot BeforeSend after NewSessionStart
[2026-08-11T02:53:54.850Z] LiveUpdateForge: session reset, allowLiveUpdate = false
[2026-08-11T02:53:54.850Z] MemoryForge: detached all listeners
[2026-08-11T02:53:54.851Z] ResumeDiffForge: no read_memory in history, backfilling forge
[2026-08-11T02:53:54.920Z] recordForgedToolExchange: toolName=read_memory callId=resume-forge-read-memory-backfill
[2026-08-11T02:53:54.952Z] recordForgedToolExchange: recordMessage + recordToolCalls persisted
[2026-08-11T02:53:54.953Z] injectForgedHistory: role=user preview=""
[2026-08-11T02:53:54.969Z] injectForgedHistory: recordMessage persisted
[2026-08-11T02:53:54.973Z] ResumeDiffForge: backfilled read_memory and baseline for 2 raw + 2 provider file(s)
[2026-08-11T02:53:54.973Z] LiveUpdateForge: session reset, allowLiveUpdate = false
[2026-08-11T02:53:54.974Z] NudgeForge: ResumeComplete — restoring count from history
[2026-08-11T02:53:54.974Z] restoreNudgeCountFromHistory: no reset point found, count=0
[2026-08-11T02:53:54.987Z] LiveUpdateForge: allowLiveUpdate = true (first real BeforeSend)
[2026-08-11T02:53:54.987Z] InitialReadForge.onBeforeSend: SKIP (fr=false syn=false hasRead=true)
[2026-08-11T02:54:05.097Z] LiveUpdateForge: EndTurn fallback flush
[2026-08-11T02:54:05.097Z] onEndTurn: naturalStop=undefined toolCalls=0 nudgeMsg=no
[2026-08-11T02:54:05.097Z] LiveUpdateForge: EndTurn fallback flush
[2026-08-11T02:54:05.097Z] onEndTurn: naturalStop=false toolCalls=0 nudgeMsg=no
[2026-08-11T02:54:05.131Z] LiveUpdateForge: AfterToolExec flush
[2026-08-11T02:54:05.132Z] LiveUpdateForge: AfterToolExec flush
[2026-08-11T02:54:05.132Z] LiveUpdateForge: AfterToolExec flush
[2026-08-11T02:54:05.132Z] LiveUpdateForge: AfterToolExec flush
[2026-08-11T02:54:05.146Z] InitialReadForge.onBeforeSend: SKIP (fr=true syn=false hasRead=true)
[2026-08-11T02:54:10.754Z] LiveUpdateForge: EndTurn fallback flush
[2026-08-11T02:54:10.754Z] onEndTurn: naturalStop=undefined toolCalls=4 nudgeMsg=no
[2026-08-11T02:54:10.755Z] LiveUpdateForge: EndTurn fallback flush
[2026-08-11T02:54:10.755Z] onEndTurn: naturalStop=false toolCalls=4 nudgeMsg=no
[2026-08-11T02:54:27.902Z] LiveUpdateForge: AfterToolExec flush
[2026-08-11T02:54:27.913Z] LiveUpdateForge: AfterToolExec flush
[2026-08-11T02:54:28.020Z] LiveUpdateForge: AfterToolExec flush
[2026-08-11T02:54:28.039Z] InitialReadForge.onBeforeSend: SKIP (fr=true syn=false hasRead=true)
[2026-08-11T02:54:40.676Z] LiveUpdateForge: EndTurn fallback flush
[2026-08-11T02:54:40.677Z] onEndTurn: naturalStop=undefined toolCalls=7 nudgeMsg=no
[2026-08-11T02:54:40.677Z] LiveUpdateForge: EndTurn fallback flush
[2026-08-11T02:54:40.678Z] onEndTurn: naturalStop=false toolCalls=7 nudgeMsg=no
[2026-08-11T02:54:50.234Z] LiveUpdateForge: AfterToolExec flush
[2026-08-11T02:54:51.551Z] LiveUpdateForge: AfterToolExec flush
[2026-08-11T02:54:51.588Z] InitialReadForge.onBeforeSend: SKIP (fr=true syn=false hasRead=true)
[2026-08-11T02:55:08.898Z] LiveUpdateForge: EndTurn fallback flush
[2026-08-11T02:55:08.898Z] onEndTurn: naturalStop=undefined toolCalls=9 nudgeMsg=no
[2026-08-11T02:55:08.899Z] LiveUpdateForge: EndTurn fallback flush
[2026-08-11T02:55:08.899Z] onEndTurn: naturalStop=true toolCalls=9 nudgeMsg=no
[2026-08-11T02:57:57.666Z] ResumeDiffForge: running checkResumeConsistency
[2026-08-11T02:57:57.666Z] checkResumeConsistency: forgedTimestamps=[]
[2026-08-11T02:57:57.671Z] checkResumeConsistency: no changes detected
[2026-08-11T02:57:57.671Z] LiveUpdateForge: session reset, allowLiveUpdate = false
[2026-08-11T02:57:57.672Z] NudgeForge: ResumeComplete — restoring count from history
[2026-08-11T02:57:57.672Z] restoreNudgeCountFromHistory: no reset point found, count=9
[2026-08-11T02:57:57.680Z] LiveUpdateForge: allowLiveUpdate = true (first real BeforeSend)
[2026-08-11T02:57:57.680Z] InitialReadForge.onBeforeSend: SKIP (fr=false syn=false hasRead=true)
[2026-08-11T02:58:21.525Z] MemoryForge: attached 5 listener(s)
[2026-08-11T02:58:21.526Z] InitialReadForge: armed one-shot BeforeSend after NewSessionStart
[2026-08-11T02:58:21.526Z] LiveUpdateForge: session reset, allowLiveUpdate = false
[2026-08-11T02:58:21.636Z] LiveUpdateForge: session reset, allowLiveUpdate = false
[2026-08-11T02:58:21.648Z] ResumeDiffForge: running checkResumeConsistency
[2026-08-11T02:58:21.649Z] checkResumeConsistency: forgedTimestamps=[["global","1970-01-01T00:00:00.000Z"]]
[2026-08-11T02:58:21.653Z] checkResumeConsistency: injecting 1 diff notification(s)
[2026-08-11T02:58:21.654Z] injectForgedHistory: role=user preview="[agent-auto] [memory-update 2026-08-06 16:54:29] global memory file has been mod"
[2026-08-11T02:58:21.654Z] injectForgedHistory: recordMessage persisted
[2026-08-11T02:58:21.654Z] LiveUpdateForge: session reset, allowLiveUpdate = false
[2026-08-11T02:58:21.654Z] NudgeForge: ResumeComplete — restoring count from history
[2026-08-11T02:58:21.655Z] restoreNudgeCountFromHistory: found last write at idx=142 count=18
[2026-08-11T02:58:26.024Z] LiveUpdateForge: EndTurn fallback flush
[2026-08-11T02:58:26.024Z] onEndTurn: naturalStop=undefined toolCalls=9 nudgeMsg=no
[2026-08-11T02:58:26.024Z] LiveUpdateForge: EndTurn fallback flush
[2026-08-11T02:58:26.024Z] onEndTurn: naturalStop=false toolCalls=9 nudgeMsg=no
[2026-08-11T02:58:26.037Z] LiveUpdateForge: AfterToolExec flush
[2026-08-11T02:58:26.037Z] LiveUpdateForge: AfterToolExec flush
[2026-08-11T02:58:26.948Z] MemoryForge: attached 5 listener(s)
[2026-08-11T02:58:26.948Z] InitialReadForge: armed one-shot BeforeSend after NewSessionStart
[2026-08-11T02:58:26.948Z] LiveUpdateForge: session reset, allowLiveUpdate = false
[2026-08-11T02:58:27.059Z] LiveUpdateForge: session reset, allowLiveUpdate = false
[2026-08-11T02:58:27.071Z] ResumeDiffForge: running checkResumeConsistency
[2026-08-11T02:58:27.072Z] checkResumeConsistency: forgedTimestamps=[["global","1970-01-01T00:00:00.000Z"]]
[2026-08-11T02:58:27.078Z] checkResumeConsistency: injecting 1 diff notification(s)
[2026-08-11T02:58:27.079Z] injectForgedHistory: role=user preview="[agent-auto] [memory-update 2026-08-06 16:54:29] global memory file has been mod"
[2026-08-11T02:58:27.079Z] injectForgedHistory: recordMessage persisted
[2026-08-11T02:58:27.079Z] LiveUpdateForge: session reset, allowLiveUpdate = false
[2026-08-11T02:58:27.079Z] NudgeForge: ResumeComplete — restoring count from history
[2026-08-11T02:58:27.080Z] restoreNudgeCountFromHistory: found last write at idx=142 count=18
[2026-08-11T02:58:27.169Z] ResumeDiffForge: running checkResumeConsistency
[2026-08-11T02:58:27.170Z] checkResumeConsistency: forgedTimestamps=[["global","1970-01-01T00:00:00.000Z"]]
[2026-08-11T02:58:27.174Z] checkResumeConsistency: injecting 1 diff notification(s)
[2026-08-11T02:58:27.174Z] injectForgedHistory: role=user preview="[agent-auto] [memory-update 2026-08-06 16:54:29] global memory file has been mod"
[2026-08-11T02:58:27.192Z] injectForgedHistory: recordMessage persisted
[2026-08-11T02:58:27.192Z] LiveUpdateForge: session reset, allowLiveUpdate = false
[2026-08-11T02:58:27.192Z] NudgeForge: ResumeComplete — restoring count from history
[2026-08-11T02:58:27.193Z] restoreNudgeCountFromHistory: found last write at idx=142 count=18
[2026-08-11T02:58:27.246Z] ResumeDiffForge: running checkResumeConsistency
[2026-08-11T02:58:27.246Z] checkResumeConsistency: forgedTimestamps=[["global","1970-01-01T00:00:00.000Z"]]
[2026-08-11T02:58:27.251Z] checkResumeConsistency: injecting 1 diff notification(s)
[2026-08-11T02:58:27.251Z] injectForgedHistory: role=user preview="[agent-auto] [memory-update 2026-08-06 16:54:29] global memory file has been mod"
[2026-08-11T02:58:27.267Z] injectForgedHistory: recordMessage persisted
[2026-08-11T02:58:27.267Z] LiveUpdateForge: session reset, allowLiveUpdate = false
[2026-08-11T02:58:27.267Z] NudgeForge: ResumeComplete — restoring count from history
[2026-08-11T02:58:27.267Z] restoreNudgeCountFromHistory: found last write at idx=142 count=18
[2026-08-11T02:58:27.472Z] MemoryForge: attached 5 listener(s)
[2026-08-11T02:58:27.472Z] InitialReadForge: armed one-shot BeforeSend after NewSessionStart
[2026-08-11T02:58:27.472Z] LiveUpdateForge: session reset, allowLiveUpdate = false
[2026-08-11T02:58:27.477Z] MemoryForge: detached all listeners
[2026-08-11T02:58:27.478Z] ResumeDiffForge: running checkResumeConsistency
[2026-08-11T02:58:27.478Z] checkResumeConsistency: forgedTimestamps=[["global","1970-01-01T00:00:00.000Z"]]
[2026-08-11T02:58:27.503Z] checkResumeConsistency: injecting 1 diff notification(s)
[2026-08-11T02:58:27.504Z] injectForgedHistory: role=user preview="[agent-auto] [memory-update 2026-08-06 16:54:29] global memory file has been mod"
[2026-08-11T02:58:27.522Z] injectForgedHistory: recordMessage persisted
[2026-08-11T02:58:27.523Z] LiveUpdateForge: session reset, allowLiveUpdate = false
[2026-08-11T02:58:27.523Z] NudgeForge: ResumeComplete — restoring count from history
[2026-08-11T02:58:27.523Z] restoreNudgeCountFromHistory: found last write at idx=142 count=18
[2026-08-11T02:58:27.537Z] LiveUpdateForge: allowLiveUpdate = true (first real BeforeSend)
[2026-08-11T02:58:27.538Z] InitialReadForge.onBeforeSend: SKIP (fr=false syn=false hasRead=true)
[2026-08-11T02:58:38.242Z] LiveUpdateForge: EndTurn fallback flush
[2026-08-11T02:58:38.242Z] onEndTurn: naturalStop=undefined toolCalls=18 nudgeMsg=no
[2026-08-11T02:58:38.243Z] LiveUpdateForge: EndTurn fallback flush
[2026-08-11T02:58:38.243Z] onEndTurn: naturalStop=false toolCalls=18 nudgeMsg=no
[2026-08-11T02:58:41.226Z] LiveUpdateForge: AfterToolExec flush
[2026-08-11T02:58:41.249Z] InitialReadForge.onBeforeSend: SKIP (fr=true syn=false hasRead=true)
[2026-08-11T02:58:49.665Z] LiveUpdateForge: EndTurn fallback flush
[2026-08-11T02:58:49.665Z] onEndTurn: naturalStop=undefined toolCalls=19 nudgeMsg=no
[2026-08-11T02:58:49.665Z] LiveUpdateForge: EndTurn fallback flush
[2026-08-11T02:58:49.665Z] onEndTurn: naturalStop=false toolCalls=19 nudgeMsg=no
[2026-08-11T02:58:53.245Z] LiveUpdateForge: AfterToolExec flush
[2026-08-11T02:58:53.270Z] InitialReadForge.onBeforeSend: SKIP (fr=true syn=false hasRead=true)
[2026-08-11T02:59:03.709Z] LiveUpdateForge: EndTurn fallback flush
[2026-08-11T02:59:03.709Z] onEndTurn: naturalStop=undefined toolCalls=20 nudgeMsg=no
[2026-08-11T02:59:03.709Z] LiveUpdateForge: EndTurn fallback flush
[2026-08-11T02:59:03.710Z] onEndTurn: naturalStop=false toolCalls=20 nudgeMsg=no
[2026-08-11T02:59:05.640Z] LiveUpdateForge: AfterToolExec flush
[2026-08-11T02:59:05.661Z] InitialReadForge.onBeforeSend: SKIP (fr=true syn=false hasRead=true)
[2026-08-11T02:59:18.771Z] LiveUpdateForge: EndTurn fallback flush
[2026-08-11T02:59:18.772Z] onEndTurn: naturalStop=undefined toolCalls=21 nudgeMsg=no
[2026-08-11T02:59:18.772Z] LiveUpdateForge: EndTurn fallback flush
[2026-08-11T02:59:18.772Z] onEndTurn: naturalStop=false toolCalls=21 nudgeMsg=no
[2026-08-11T02:59:18.876Z] LiveUpdateForge: AfterToolExec flush
[2026-08-11T02:59:18.897Z] InitialReadForge.onBeforeSend: SKIP (fr=true syn=false hasRead=true)
[2026-08-11T02:59:18.984Z] LiveUpdateForge: AfterToolExec flush
[2026-08-11T02:59:19.010Z] InitialReadForge.onBeforeSend: SKIP (fr=true syn=false hasRead=true)
[2026-08-11T02:59:26.131Z] LiveUpdateForge: EndTurn fallback flush
[2026-08-11T02:59:26.132Z] onEndTurn: naturalStop=undefined toolCalls=22 nudgeMsg=no
[2026-08-11T02:59:26.132Z] LiveUpdateForge: EndTurn fallback flush
[2026-08-11T02:59:26.132Z] onEndTurn: naturalStop=false toolCalls=22 nudgeMsg=no
[2026-08-11T02:59:28.281Z] LiveUpdateForge: AfterToolExec flush
[2026-08-11T02:59:28.305Z] InitialReadForge.onBeforeSend: SKIP (fr=true syn=false hasRead=true)
[2026-08-11T02:59:30.984Z] LiveUpdateForge: EndTurn fallback flush
[2026-08-11T02:59:30.985Z] onEndTurn: naturalStop=undefined toolCalls=12 nudgeMsg=no
[2026-08-11T02:59:30.985Z] LiveUpdateForge: EndTurn fallback flush
[2026-08-11T02:59:30.985Z] onEndTurn: naturalStop=false toolCalls=12 nudgeMsg=no
[2026-08-11T02:59:30.991Z] LiveUpdateForge: AfterToolExec flush
[2026-08-11T02:59:30.992Z] LiveUpdateForge: AfterToolExec flush
[2026-08-11T02:59:31.010Z] InitialReadForge.onBeforeSend: SKIP (fr=true syn=false hasRead=true)
[2026-08-11T02:59:35.962Z] LiveUpdateForge: EndTurn fallback flush
[2026-08-11T02:59:35.962Z] onEndTurn: naturalStop=undefined toolCalls=23 nudgeMsg=no
[2026-08-11T02:59:35.963Z] LiveUpdateForge: EndTurn fallback flush
[2026-08-11T02:59:35.963Z] onEndTurn: naturalStop=false toolCalls=23 nudgeMsg=no
[2026-08-11T02:59:38.045Z] LiveUpdateForge: AfterToolExec flush
[2026-08-11T02:59:38.066Z] InitialReadForge.onBeforeSend: SKIP (fr=true syn=false hasRead=true)
[2026-08-11T02:59:46.127Z] LiveUpdateForge: EndTurn fallback flush
[2026-08-11T02:59:46.127Z] onEndTurn: naturalStop=undefined toolCalls=24 nudgeMsg=no
[2026-08-11T02:59:46.128Z] LiveUpdateForge: EndTurn fallback flush
[2026-08-11T02:59:46.128Z] onEndTurn: naturalStop=false toolCalls=24 nudgeMsg=no
[2026-08-11T02:59:46.189Z] LiveUpdateForge: AfterToolExec flush
[2026-08-11T02:59:46.209Z] InitialReadForge.onBeforeSend: SKIP (fr=true syn=false hasRead=true)
[2026-08-11T02:59:54.230Z] LiveUpdateForge: EndTurn fallback flush
[2026-08-11T02:59:54.230Z] onEndTurn: naturalStop=undefined toolCalls=25 nudgeMsg=no
[2026-08-11T02:59:54.230Z] LiveUpdateForge: EndTurn fallback flush
[2026-08-11T02:59:54.230Z] onEndTurn: naturalStop=false toolCalls=25 nudgeMsg=no
[2026-08-11T02:59:57.377Z] LiveUpdateForge: AfterToolExec flush
[2026-08-11T02:59:57.400Z] InitialReadForge.onBeforeSend: SKIP (fr=true syn=false hasRead=true)
[2026-08-11T02:59:58.132Z] LiveUpdateForge: EndTurn fallback flush
[2026-08-11T02:59:58.132Z] onEndTurn: naturalStop=undefined toolCalls=14 nudgeMsg=no
[2026-08-11T02:59:58.132Z] LiveUpdateForge: EndTurn fallback flush
[2026-08-11T02:59:58.132Z] onEndTurn: naturalStop=false toolCalls=14 nudgeMsg=no
[2026-08-11T02:59:58.152Z] LiveUpdateForge: AfterToolExec flush
[2026-08-11T02:59:58.170Z] InitialReadForge.onBeforeSend: SKIP (fr=true syn=false hasRead=true)
[2026-08-11T03:00:03.421Z] LiveUpdateForge: EndTurn fallback flush
[2026-08-11T03:00:03.422Z] onEndTurn: naturalStop=undefined toolCalls=26 nudgeMsg=no
[2026-08-11T03:00:03.422Z] LiveUpdateForge: EndTurn fallback flush
[2026-08-11T03:00:03.422Z] onEndTurn: naturalStop=false toolCalls=26 nudgeMsg=no
[2026-08-11T03:00:05.246Z] LiveUpdateForge: AfterToolExec flush
[2026-08-11T03:00:05.272Z] InitialReadForge.onBeforeSend: SKIP (fr=true syn=false hasRead=true)
[2026-08-11T03:00:12.016Z] LiveUpdateForge: EndTurn fallback flush
[2026-08-11T03:00:12.016Z] onEndTurn: naturalStop=undefined toolCalls=15 nudgeMsg=no
[2026-08-11T03:00:12.017Z] LiveUpdateForge: EndTurn fallback flush
[2026-08-11T03:00:12.017Z] onEndTurn: naturalStop=false toolCalls=15 nudgeMsg=no
[2026-08-11T03:00:15.959Z] LiveUpdateForge: EndTurn fallback flush
[2026-08-11T03:00:15.959Z] onEndTurn: naturalStop=undefined toolCalls=27 nudgeMsg=no
[2026-08-11T03:00:15.960Z] LiveUpdateForge: EndTurn fallback flush
[2026-08-11T03:00:15.960Z] onEndTurn: naturalStop=false toolCalls=27 nudgeMsg=no
[2026-08-11T03:00:21.997Z] LiveUpdateForge: AfterToolExec flush
[2026-08-11T03:00:22.017Z] InitialReadForge.onBeforeSend: SKIP (fr=true syn=false hasRead=true)
[2026-08-11T03:00:34.096Z] LiveUpdateForge: EndTurn fallback flush
[2026-08-11T03:00:34.096Z] onEndTurn: naturalStop=undefined toolCalls=28 nudgeMsg=no
[2026-08-11T03:00:34.097Z] LiveUpdateForge: EndTurn fallback flush
[2026-08-11T03:00:34.097Z] onEndTurn: naturalStop=true toolCalls=28 nudgeMsg=no
[2026-08-11T03:04:11.471Z] LiveUpdateForge: AfterToolExec flush
[2026-08-11T03:04:11.491Z] InitialReadForge.onBeforeSend: SKIP (fr=true syn=false hasRead=true)
[2026-08-11T03:04:16.069Z] ResumeDiffForge: running checkResumeConsistency
[2026-08-11T03:04:16.069Z] checkResumeConsistency: forgedTimestamps=[["global","1970-01-01T00:00:00.000Z"]]
[2026-08-11T03:04:16.076Z] checkResumeConsistency: injecting 1 diff notification(s)
[2026-08-11T03:04:16.077Z] injectForgedHistory: role=user preview="[agent-auto] [memory-update 2026-08-06 16:54:29] global memory file has been mod"
[2026-08-11T03:04:16.169Z] injectForgedHistory: recordMessage persisted
[2026-08-11T03:04:16.170Z] LiveUpdateForge: session reset, allowLiveUpdate = false
[2026-08-11T03:04:16.170Z] NudgeForge: ResumeComplete — restoring count from history
[2026-08-11T03:04:16.170Z] restoreNudgeCountFromHistory: found last write at idx=142 count=28
[2026-08-11T03:04:17.861Z] LiveUpdateForge: EndTurn fallback flush
[2026-08-11T03:04:17.861Z] onEndTurn: naturalStop=undefined toolCalls=16 nudgeMsg=no
[2026-08-11T03:04:17.861Z] LiveUpdateForge: EndTurn fallback flush
[2026-08-11T03:04:17.862Z] onEndTurn: naturalStop=false toolCalls=16 nudgeMsg=no
[2026-08-11T03:04:17.930Z] LiveUpdateForge: AfterToolExec flush
[2026-08-11T03:04:17.930Z] LiveUpdateForge: AfterToolExec flush
[2026-08-11T03:04:17.930Z] LiveUpdateForge: AfterToolExec flush
[2026-08-11T03:04:17.930Z] LiveUpdateForge: AfterToolExec flush
[2026-08-11T03:04:17.931Z] LiveUpdateForge: AfterToolExec flush
[2026-08-11T03:04:17.931Z] LiveUpdateForge: AfterToolExec flush
[2026-08-11T03:04:17.931Z] LiveUpdateForge: AfterToolExec flush
[2026-08-11T03:04:17.931Z] LiveUpdateForge: AfterToolExec flush
[2026-08-11T03:04:17.949Z] InitialReadForge.onBeforeSend: SKIP (fr=true syn=false hasRead=true)
[2026-08-11T03:04:20.163Z] LiveUpdateForge: EndTurn fallback flush
[2026-08-11T03:04:20.163Z] onEndTurn: naturalStop=undefined toolCalls=24 nudgeMsg=no
[2026-08-11T03:04:20.163Z] LiveUpdateForge: EndTurn fallback flush
[2026-08-11T03:04:20.163Z] onEndTurn: naturalStop=false toolCalls=24 nudgeMsg=no
[2026-08-11T03:04:20.166Z] LiveUpdateForge: AfterToolExec flush
[2026-08-11T03:04:20.186Z] InitialReadForge.onBeforeSend: SKIP (fr=true syn=false hasRead=true)
[2026-08-11T03:04:22.469Z] LiveUpdateForge: EndTurn fallback flush
[2026-08-11T03:04:22.469Z] onEndTurn: naturalStop=undefined toolCalls=25 nudgeMsg=no
[2026-08-11T03:04:22.469Z] LiveUpdateForge: EndTurn fallback flush
[2026-08-11T03:04:22.470Z] onEndTurn: naturalStop=false toolCalls=25 nudgeMsg=no
[2026-08-11T03:04:22.718Z] ResumeDiffForge: running checkResumeConsistency
[2026-08-11T03:04:22.718Z] checkResumeConsistency: forgedTimestamps=[["global","1970-01-01T00:00:00.000Z"]]
[2026-08-11T03:04:22.723Z] checkResumeConsistency: injecting 1 diff notification(s)
[2026-08-11T03:04:22.724Z] injectForgedHistory: role=user preview="[agent-auto] [memory-update 2026-08-06 16:54:29] global memory file has been mod"
[2026-08-11T03:04:22.740Z] injectForgedHistory: recordMessage persisted
[2026-08-11T03:04:22.740Z] LiveUpdateForge: session reset, allowLiveUpdate = false
[2026-08-11T03:04:22.740Z] NudgeForge: ResumeComplete — restoring count from history
[2026-08-11T03:04:22.740Z] restoreNudgeCountFromHistory: found last write at idx=142 count=28
[2026-08-11T03:04:22.758Z] LiveUpdateForge: allowLiveUpdate = true (first real BeforeSend)
[2026-08-11T03:04:22.758Z] InitialReadForge.onBeforeSend: SKIP (fr=false syn=false hasRead=true)
[2026-08-11T03:04:25.927Z] LiveUpdateForge: AfterToolExec flush
[2026-08-11T03:04:25.943Z] InitialReadForge.onBeforeSend: SKIP (fr=true syn=false hasRead=true)
[2026-08-11T03:04:28.919Z] LiveUpdateForge: EndTurn fallback flush
[2026-08-11T03:04:28.919Z] onEndTurn: naturalStop=undefined toolCalls=28 nudgeMsg=no
[2026-08-11T03:04:28.919Z] LiveUpdateForge: EndTurn fallback flush
[2026-08-11T03:04:28.919Z] onEndTurn: naturalStop=false toolCalls=28 nudgeMsg=no
[2026-08-11T03:04:31.847Z] LiveUpdateForge: AfterToolExec flush
[2026-08-11T03:04:31.870Z] InitialReadForge.onBeforeSend: SKIP (fr=true syn=false hasRead=true)
[2026-08-11T03:04:32.369Z] LiveUpdateForge: EndTurn fallback flush
[2026-08-11T03:04:32.370Z] onEndTurn: naturalStop=undefined toolCalls=26 nudgeMsg=no
[2026-08-11T03:04:32.370Z] LiveUpdateForge: EndTurn fallback flush
[2026-08-11T03:04:32.370Z] onEndTurn: naturalStop=false toolCalls=26 nudgeMsg=no
[2026-08-11T03:04:32.424Z] LiveUpdateForge: AfterToolExec flush
[2026-08-11T03:04:32.474Z] LiveUpdateForge: AfterToolExec flush
[2026-08-11T03:04:32.511Z] LiveUpdateForge: AfterToolExec flush
[2026-08-11T03:04:32.534Z] InitialReadForge.onBeforeSend: SKIP (fr=true syn=false hasRead=true)
[2026-08-11T03:04:34.057Z] LiveUpdateForge: EndTurn fallback flush
[2026-08-11T03:04:34.057Z] onEndTurn: naturalStop=undefined toolCalls=29 nudgeMsg=no
[2026-08-11T03:04:34.057Z] LiveUpdateForge: EndTurn fallback flush
[2026-08-11T03:04:34.057Z] onEndTurn: naturalStop=false toolCalls=29 nudgeMsg=no
[2026-08-11T03:04:34.068Z] LiveUpdateForge: AfterToolExec flush
[2026-08-11T03:04:34.069Z] LiveUpdateForge: AfterToolExec flush
[2026-08-11T03:04:34.086Z] InitialReadForge.onBeforeSend: SKIP (fr=true syn=false hasRead=true)
[2026-08-11T03:04:37.885Z] LiveUpdateForge: EndTurn fallback flush
[2026-08-11T03:04:37.885Z] onEndTurn: naturalStop=undefined toolCalls=29 nudgeMsg=no
[2026-08-11T03:04:37.886Z] LiveUpdateForge: EndTurn fallback flush
[2026-08-11T03:04:37.886Z] onEndTurn: naturalStop=false toolCalls=29 nudgeMsg=no
[2026-08-11T03:04:39.507Z] LiveUpdateForge: AfterToolExec flush
[2026-08-11T03:04:39.530Z] InitialReadForge.onBeforeSend: SKIP (fr=true syn=false hasRead=true)
[2026-08-11T03:04:47.740Z] LiveUpdateForge: EndTurn fallback flush
[2026-08-11T03:04:47.740Z] onEndTurn: naturalStop=undefined toolCalls=31 nudgeMsg=no
[2026-08-11T03:04:47.740Z] LiveUpdateForge: EndTurn fallback flush
[2026-08-11T03:04:47.740Z] onEndTurn: naturalStop=false toolCalls=31 nudgeMsg=no
[2026-08-11T03:04:47.794Z] LiveUpdateForge: AfterToolExec flush
[2026-08-11T03:04:47.839Z] LiveUpdateForge: AfterToolExec flush
[2026-08-11T03:04:47.855Z] InitialReadForge.onBeforeSend: SKIP (fr=true syn=false hasRead=true)
[2026-08-11T03:04:48.422Z] LiveUpdateForge: EndTurn fallback flush
[2026-08-11T03:04:48.422Z] onEndTurn: naturalStop=undefined toolCalls=30 nudgeMsg=no
[2026-08-11T03:04:48.423Z] LiveUpdateForge: EndTurn fallback flush
[2026-08-11T03:04:48.423Z] onEndTurn: naturalStop=false toolCalls=30 nudgeMsg=no
[2026-08-11T03:04:48.494Z] LiveUpdateForge: AfterToolExec flush
[2026-08-11T03:04:48.511Z] InitialReadForge.onBeforeSend: SKIP (fr=true syn=false hasRead=true)
[2026-08-11T03:04:49.637Z] LiveUpdateForge: EndTurn fallback flush
[2026-08-11T03:04:49.638Z] onEndTurn: naturalStop=undefined toolCalls=33 nudgeMsg=no
[2026-08-11T03:04:49.638Z] LiveUpdateForge: EndTurn fallback flush
[2026-08-11T03:04:49.638Z] onEndTurn: naturalStop=false toolCalls=33 nudgeMsg=no
[2026-08-11T03:04:49.650Z] LiveUpdateForge: AfterToolExec flush
[2026-08-11T03:04:49.651Z] LiveUpdateForge: AfterToolExec flush
[2026-08-11T03:04:49.669Z] InitialReadForge.onBeforeSend: SKIP (fr=true syn=false hasRead=true)
[2026-08-11T03:04:51.925Z] LiveUpdateForge: EndTurn fallback flush
[2026-08-11T03:04:51.925Z] onEndTurn: naturalStop=undefined toolCalls=35 nudgeMsg=no
[2026-08-11T03:04:51.925Z] LiveUpdateForge: EndTurn fallback flush
[2026-08-11T03:04:51.926Z] onEndTurn: naturalStop=false toolCalls=35 nudgeMsg=no
[2026-08-11T03:04:51.928Z] LiveUpdateForge: AfterToolExec flush
[2026-08-11T03:04:51.948Z] InitialReadForge.onBeforeSend: SKIP (fr=true syn=false hasRead=true)
[2026-08-11T03:04:53.263Z] LiveUpdateForge: EndTurn fallback flush
[2026-08-11T03:04:53.264Z] onEndTurn: naturalStop=undefined toolCalls=31 nudgeMsg=no
[2026-08-11T03:04:53.264Z] LiveUpdateForge: EndTurn fallback flush
[2026-08-11T03:04:53.264Z] onEndTurn: naturalStop=false toolCalls=31 nudgeMsg=no
[2026-08-11T03:04:53.864Z] LiveUpdateForge: EndTurn fallback flush
[2026-08-11T03:04:53.864Z] onEndTurn: naturalStop=undefined toolCalls=36 nudgeMsg=no
[2026-08-11T03:04:53.864Z] LiveUpdateForge: EndTurn fallback flush
[2026-08-11T03:04:53.864Z] onEndTurn: naturalStop=false toolCalls=36 nudgeMsg=no
[2026-08-11T03:04:53.919Z] LiveUpdateForge: AfterToolExec flush
[2026-08-11T03:04:53.939Z] InitialReadForge.onBeforeSend: SKIP (fr=true syn=false hasRead=true)
[2026-08-11T03:04:55.687Z] LiveUpdateForge: EndTurn fallback flush
[2026-08-11T03:04:55.687Z] onEndTurn: naturalStop=undefined toolCalls=37 nudgeMsg=no
[2026-08-11T03:04:55.687Z] LiveUpdateForge: EndTurn fallback flush
[2026-08-11T03:04:55.687Z] onEndTurn: naturalStop=false toolCalls=37 nudgeMsg=no
[2026-08-11T03:04:55.699Z] LiveUpdateForge: AfterToolExec flush
[2026-08-11T03:04:55.699Z] LiveUpdateForge: AfterToolExec flush
[2026-08-11T03:04:55.717Z] InitialReadForge.onBeforeSend: SKIP (fr=true syn=false hasRead=true)
[2026-08-11T03:04:55.733Z] LiveUpdateForge: AfterToolExec flush
[2026-08-11T03:04:55.758Z] InitialReadForge.onBeforeSend: SKIP (fr=true syn=false hasRead=true)
[2026-08-11T03:05:00.155Z] LiveUpdateForge: EndTurn fallback flush
[2026-08-11T03:05:00.155Z] onEndTurn: naturalStop=undefined toolCalls=39 nudgeMsg=no
[2026-08-11T03:05:00.155Z] LiveUpdateForge: EndTurn fallback flush
[2026-08-11T03:05:00.155Z] onEndTurn: naturalStop=false toolCalls=39 nudgeMsg=no
[2026-08-11T03:05:00.219Z] LiveUpdateForge: AfterToolExec flush
[2026-08-11T03:05:00.235Z] InitialReadForge.onBeforeSend: SKIP (fr=true syn=false hasRead=true)
[2026-08-11T03:05:02.397Z] LiveUpdateForge: EndTurn fallback flush
[2026-08-11T03:05:02.398Z] onEndTurn: naturalStop=undefined toolCalls=32 nudgeMsg=no
[2026-08-11T03:05:02.398Z] LiveUpdateForge: EndTurn fallback flush
[2026-08-11T03:05:02.398Z] onEndTurn: naturalStop=false toolCalls=32 nudgeMsg=no
[2026-08-11T03:05:02.437Z] LiveUpdateForge: AfterToolExec flush
[2026-08-11T03:05:02.456Z] InitialReadForge.onBeforeSend: SKIP (fr=true syn=false hasRead=true)
[2026-08-11T03:05:03.468Z] LiveUpdateForge: EndTurn fallback flush
[2026-08-11T03:05:03.468Z] onEndTurn: naturalStop=undefined toolCalls=40 nudgeMsg=no
[2026-08-11T03:05:03.469Z] LiveUpdateForge: EndTurn fallback flush
[2026-08-11T03:05:03.469Z] onEndTurn: naturalStop=false toolCalls=40 nudgeMsg=no
[2026-08-11T03:05:03.473Z] LiveUpdateForge: AfterToolExec flush
[2026-08-11T03:05:03.473Z] LiveUpdateForge: AfterToolExec flush
[2026-08-11T03:05:03.490Z] InitialReadForge.onBeforeSend: SKIP (fr=true syn=false hasRead=true)
[2026-08-11T03:05:05.415Z] LiveUpdateForge: EndTurn fallback flush
[2026-08-11T03:05:05.416Z] onEndTurn: naturalStop=undefined toolCalls=42 nudgeMsg=no
[2026-08-11T03:05:05.416Z] LiveUpdateForge: EndTurn fallback flush
[2026-08-11T03:05:05.416Z] onEndTurn: naturalStop=false toolCalls=42 nudgeMsg=no
[2026-08-11T03:05:05.482Z] LiveUpdateForge: AfterToolExec flush
[2026-08-11T03:05:05.497Z] InitialReadForge.onBeforeSend: SKIP (fr=true syn=false hasRead=true)
[2026-08-11T03:05:07.182Z] LiveUpdateForge: EndTurn fallback flush
[2026-08-11T03:05:07.182Z] onEndTurn: naturalStop=undefined toolCalls=43 nudgeMsg=no
[2026-08-11T03:05:07.182Z] LiveUpdateForge: EndTurn fallback flush
[2026-08-11T03:05:07.182Z] onEndTurn: naturalStop=false toolCalls=43 nudgeMsg=no
[2026-08-11T03:05:07.194Z] LiveUpdateForge: AfterToolExec flush
[2026-08-11T03:05:07.195Z] LiveUpdateForge: AfterToolExec flush
[2026-08-11T03:05:07.213Z] InitialReadForge.onBeforeSend: SKIP (fr=true syn=false hasRead=true)
[2026-08-11T03:05:09.015Z] LiveUpdateForge: EndTurn fallback flush
[2026-08-11T03:05:09.016Z] onEndTurn: naturalStop=undefined toolCalls=45 nudgeMsg=no
[2026-08-11T03:05:09.016Z] LiveUpdateForge: EndTurn fallback flush
[2026-08-11T03:05:09.016Z] onEndTurn: naturalStop=false toolCalls=45 nudgeMsg=no
[2026-08-11T03:05:09.089Z] LiveUpdateForge: AfterToolExec flush
[2026-08-11T03:05:09.108Z] InitialReadForge.onBeforeSend: SKIP (fr=true syn=false hasRead=true)
[2026-08-11T03:05:09.128Z] LiveUpdateForge: EndTurn fallback flush
[2026-08-11T03:05:09.129Z] onEndTurn: naturalStop=undefined toolCalls=33 nudgeMsg=no
[2026-08-11T03:05:09.129Z] LiveUpdateForge: EndTurn fallback flush
[2026-08-11T03:05:09.129Z] onEndTurn: naturalStop=false toolCalls=33 nudgeMsg=no
[2026-08-11T03:05:10.704Z] LiveUpdateForge: EndTurn fallback flush
[2026-08-11T03:05:10.704Z] onEndTurn: naturalStop=undefined toolCalls=46 nudgeMsg=no
[2026-08-11T03:05:10.704Z] LiveUpdateForge: EndTurn fallback flush
[2026-08-11T03:05:10.704Z] onEndTurn: naturalStop=false toolCalls=46 nudgeMsg=no
[2026-08-11T03:05:10.717Z] LiveUpdateForge: AfterToolExec flush
[2026-08-11T03:05:10.718Z] LiveUpdateForge: AfterToolExec flush
[2026-08-11T03:05:10.738Z] InitialReadForge.onBeforeSend: SKIP (fr=true syn=false hasRead=true)
